*** EVALUATION ************************************************************************************************
*********************************************************************************************
LINKING FAILED
The linking process failed in some stage.
Depending on the phase the linker failed, part of the information contained in this map file may be inaccurate or wrong.
If the linking failed before the allocation phase finished, then the addresses might be inaccurate.
Also summary information like the code size is likely to be misleading.
---------------------------------------------------------------------------------------------
---------------------------------------------------------------------------------------------

PROGRAM "D:\GitHub\RTSE\W5\RTA-exercises5\exercises5\exercise5_1\bin\Project.abs"

*********************************************************************************************
TARGET SECTION
---------------------------------------------------------------------------------------------
Processor   : Freescale HC12
Memory Model: SMALL
File Format : ELF (no debug info)
Linker      : SmartLinker V-5.0.40 Build 10203, Jul 23 2010

*********************************************************************************************
FILE SECTION
---------------------------------------------------------------------------------------------

*********************************************************************************************
STARTUP SECTION
---------------------------------------------------------------------------------------------

*********************************************************************************************
SECTION-ALLOCATION SECTION
Section Name                    Size  Type     From       To       Segment
---------------------------------------------------------------------------------------------
.abs_section_8                     1   N/I        0x8        0x8   .absSeg0
.abs_section_9                     1   N/I        0x9        0x9   .absSeg1
.abs_section_a                     1   N/I        0xA        0xA   .absSeg2
.abs_section_b                     1   N/I        0xB        0xB   .absSeg3
.abs_section_c                     1   N/I        0xC        0xC   .absSeg4
.abs_section_d                     1   N/I        0xD        0xD   .absSeg5
.abs_section_e                     1   N/I        0xE        0xE   .absSeg6
.abs_section_f                     1   N/I        0xF        0xF   .absSeg7
.abs_section_10                    1   N/I       0x10       0x10   .absSeg8
.abs_section_11                    1   N/I       0x11       0x11   .absSeg9
.abs_section_13                    1   N/I       0x13       0x13   .absSeg10
.abs_section_15                    1   N/I       0x15       0x15   .absSeg11
.abs_section_16                    1   N/I       0x16       0x16   .absSeg12
.abs_section_17                    1   N/I       0x17       0x17   .absSeg13
.abs_section_1c                    1   N/I       0x1C       0x1C   .absSeg14
.abs_section_1e                    1   N/I       0x1E       0x1E   .absSeg15
.abs_section_20                    1   N/I       0x20       0x20   .absSeg16
.abs_section_21                    1   N/I       0x21       0x21   .absSeg17
.abs_section_22                    1   N/I       0x22       0x22   .absSeg18
.abs_section_23                    1   N/I       0x23       0x23   .absSeg19
.abs_section_26                    1   N/I       0x26       0x26   .absSeg20
.abs_section_27                    1   N/I       0x27       0x27   .absSeg21
.abs_section_28                    1   N/I       0x28       0x28   .absSeg22
.abs_section_29                    1   N/I       0x29       0x29   .absSeg23
.abs_section_2a                    1   N/I       0x2A       0x2A   .absSeg24
.abs_section_2b                    1   N/I       0x2B       0x2B   .absSeg25
.abs_section_2c                    1   N/I       0x2C       0x2C   .absSeg26
.abs_section_2d                    1   N/I       0x2D       0x2D   .absSeg27
.abs_section_2e                    1   N/I       0x2E       0x2E   .absSeg28
.abs_section_2f                    1   N/I       0x2F       0x2F   .absSeg29
.abs_section_32                    1   N/I       0x32       0x32   .absSeg30
.abs_section_33                    1   N/I       0x33       0x33   .absSeg31
.abs_section_34                    1   N/I       0x34       0x34   .absSeg32
.abs_section_35                    1   N/I       0x35       0x35   .absSeg33
.abs_section_36                    1   N/I       0x36       0x36   .absSeg34
.abs_section_37                    1   N/I       0x37       0x37   .absSeg35
.abs_section_38                    1   N/I       0x38       0x38   .absSeg36
.abs_section_39                    1   N/I       0x39       0x39   .absSeg37
.abs_section_3a                    1   N/I       0x3A       0x3A   .absSeg38
.abs_section_3b                    1   N/I       0x3B       0x3B   .absSeg39
.abs_section_3c                    1   N/I       0x3C       0x3C   .absSeg40
.abs_section_3f                    1   N/I       0x3F       0x3F   .absSeg41
.abs_section_40                    1   N/I       0x40       0x40   .absSeg42
.abs_section_41                    1   N/I       0x41       0x41   .absSeg43
.abs_section_42                    1   N/I       0x42       0x42   .absSeg44
.abs_section_43                    1   N/I       0x43       0x43   .absSeg45
.abs_section_46                    1   N/I       0x46       0x46   .absSeg46
.abs_section_47                    1   N/I       0x47       0x47   .absSeg47
.abs_section_48                    1   N/I       0x48       0x48   .absSeg48
.abs_section_49                    1   N/I       0x49       0x49   .absSeg49
.abs_section_4a                    1   N/I       0x4A       0x4A   .absSeg50
.abs_section_4b                    1   N/I       0x4B       0x4B   .absSeg51
.abs_section_4c                    1   N/I       0x4C       0x4C   .absSeg52
.abs_section_4d                    1   N/I       0x4D       0x4D   .absSeg53
.abs_section_4e                    1   N/I       0x4E       0x4E   .absSeg54
.abs_section_4f                    1   N/I       0x4F       0x4F   .absSeg55
.abs_section_60                    1   N/I       0x60       0x60   .absSeg56
.abs_section_61                    1   N/I       0x61       0x61   .absSeg57
.abs_section_66                    1   N/I       0x66       0x66   .absSeg58
.abs_section_67                    1   N/I       0x67       0x67   .absSeg59
.abs_section_68                    1   N/I       0x68       0x68   .absSeg60
.abs_section_69                    1   N/I       0x69       0x69   .absSeg61
.abs_section_6a                    1   N/I       0x6A       0x6A   .absSeg62
.abs_section_6b                    1   N/I       0x6B       0x6B   .absSeg63
.abs_section_6c                    1   N/I       0x6C       0x6C   .absSeg64
.abs_section_6e                    1   N/I       0x6E       0x6E   .absSeg65
.abs_section_6f                    1   N/I       0x6F       0x6F   .absSeg66
.abs_section_70                    1   N/I       0x70       0x70   .absSeg67
.abs_section_71                    1   N/I       0x71       0x71   .absSeg68
.abs_section_86                    1   N/I       0x86       0x86   .absSeg69
.abs_section_ca                    1   N/I       0xCA       0xCA   .absSeg70
.abs_section_cb                    1   N/I       0xCB       0xCB   .absSeg71
.abs_section_cc                    1   N/I       0xCC       0xCC   .absSeg72
.abs_section_cd                    1   N/I       0xCD       0xCD   .absSeg73
.abs_section_ce                    1   N/I       0xCE       0xCE   .absSeg74
.abs_section_cf                    1   N/I       0xCF       0xCF   .absSeg75
.abs_section_d2                    1   N/I       0xD2       0xD2   .absSeg76
.abs_section_d3                    1   N/I       0xD3       0xD3   .absSeg77
.abs_section_d4                    1   N/I       0xD4       0xD4   .absSeg78
.abs_section_d5                    1   N/I       0xD5       0xD5   .absSeg79
.abs_section_d6                    1   N/I       0xD6       0xD6   .absSeg80
.abs_section_d7                    1   N/I       0xD7       0xD7   .absSeg81
.abs_section_d8                    1   N/I       0xD8       0xD8   .absSeg82
.abs_section_d9                    1   N/I       0xD9       0xD9   .absSeg83
.abs_section_da                    1   N/I       0xDA       0xDA   .absSeg84
.abs_section_db                    1   N/I       0xDB       0xDB   .absSeg85
.abs_section_f0                    1   N/I       0xF0       0xF0   .absSeg86
.abs_section_f1                    1   N/I       0xF1       0xF1   .absSeg87
.abs_section_f2                    1   N/I       0xF2       0xF2   .absSeg88
.abs_section_f3                    1   N/I       0xF3       0xF3   .absSeg89
.abs_section_100                   1   N/I      0x100      0x100   .absSeg90
.abs_section_101                   1   N/I      0x101      0x101   .absSeg91
.abs_section_102                   1   N/I      0x102      0x102   .absSeg92
.abs_section_103                   1   N/I      0x103      0x103   .absSeg93
.abs_section_104                   1   N/I      0x104      0x104   .absSeg94
.abs_section_105                   1   N/I      0x105      0x105   .absSeg95
.abs_section_106                   1   N/I      0x106      0x106   .absSeg96
.abs_section_107                   1   N/I      0x107      0x107   .absSeg97
.abs_section_108                   1   N/I      0x108      0x108   .absSeg98
.abs_section_109                   1   N/I      0x109      0x109   .absSeg99
.abs_section_110                   1   N/I      0x110      0x110   .absSeg100
.abs_section_114                   1   N/I      0x114      0x114   .absSeg101
.abs_section_115                   1   N/I      0x115      0x115   .absSeg102
.abs_section_116                   1   N/I      0x116      0x116   .absSeg103
.abs_section_117                   1   N/I      0x117      0x117   .absSeg104
.abs_section_119                   1   N/I      0x119      0x119   .absSeg105
.abs_section_11a                   1   N/I      0x11A      0x11A   .absSeg106
.abs_section_11b                   1   N/I      0x11B      0x11B   .absSeg107
.abs_section_11c                   1   N/I      0x11C      0x11C   .absSeg108
.abs_section_11d                   1   N/I      0x11D      0x11D   .absSeg109
.abs_section_11e                   1   N/I      0x11E      0x11E   .absSeg110
.abs_section_11f                   1   N/I      0x11F      0x11F   .absSeg111
.abs_section_121                   1   N/I      0x121      0x121   .absSeg112
.abs_section_126                   1   N/I      0x126      0x126   .absSeg113
.abs_section_127                   1   N/I      0x127      0x127   .absSeg114
.abs_section_128                   1   N/I      0x128      0x128   .absSeg115
.abs_section_129                   1   N/I      0x129      0x129   .absSeg116
.abs_section_12a                   1   N/I      0x12A      0x12A   .absSeg117
.abs_section_12b                   1   N/I      0x12B      0x12B   .absSeg118
.abs_section_12c                   1   N/I      0x12C      0x12C   .absSeg119
.abs_section_12d                   1   N/I      0x12D      0x12D   .absSeg120
.abs_section_12e                   1   N/I      0x12E      0x12E   .absSeg121
.abs_section_12f                   1   N/I      0x12F      0x12F   .absSeg122
.abs_section_140                   1   N/I      0x140      0x140   .absSeg123
.abs_section_141                   1   N/I      0x141      0x141   .absSeg124
.abs_section_142                   1   N/I      0x142      0x142   .absSeg125
.abs_section_143                   1   N/I      0x143      0x143   .absSeg126
.abs_section_144                   1   N/I      0x144      0x144   .absSeg127
.abs_section_145                   1   N/I      0x145      0x145   .absSeg128
.abs_section_146                   1   N/I      0x146      0x146   .absSeg129
.abs_section_147                   1   N/I      0x147      0x147   .absSeg130
.abs_section_148                   1   N/I      0x148      0x148   .absSeg131
.abs_section_149                   1   N/I      0x149      0x149   .absSeg132
.abs_section_14a                   1   N/I      0x14A      0x14A   .absSeg133
.abs_section_14b                   1   N/I      0x14B      0x14B   .absSeg134
.abs_section_14d                   1   N/I      0x14D      0x14D   .absSeg135
.abs_section_14e                   1   N/I      0x14E      0x14E   .absSeg136
.abs_section_14f                   1   N/I      0x14F      0x14F   .absSeg137
.abs_section_150                   1   N/I      0x150      0x150   .absSeg138
.abs_section_151                   1   N/I      0x151      0x151   .absSeg139
.abs_section_152                   1   N/I      0x152      0x152   .absSeg140
.abs_section_153                   1   N/I      0x153      0x153   .absSeg141
.abs_section_154                   1   N/I      0x154      0x154   .absSeg142
.abs_section_155                   1   N/I      0x155      0x155   .absSeg143
.abs_section_156                   1   N/I      0x156      0x156   .absSeg144
.abs_section_157                   1   N/I      0x157      0x157   .absSeg145
.abs_section_158                   1   N/I      0x158      0x158   .absSeg146
.abs_section_159                   1   N/I      0x159      0x159   .absSeg147
.abs_section_15a                   1   N/I      0x15A      0x15A   .absSeg148
.abs_section_15b                   1   N/I      0x15B      0x15B   .absSeg149
.abs_section_15c                   1   N/I      0x15C      0x15C   .absSeg150
.abs_section_15d                   1   N/I      0x15D      0x15D   .absSeg151
.abs_section_15e                   1   N/I      0x15E      0x15E   .absSeg152
.abs_section_15f                   1   N/I      0x15F      0x15F   .absSeg153
.abs_section_160                   1   N/I      0x160      0x160   .absSeg154
.abs_section_161                   1   N/I      0x161      0x161   .absSeg155
.abs_section_162                   1   N/I      0x162      0x162   .absSeg156
.abs_section_163                   1   N/I      0x163      0x163   .absSeg157
.abs_section_164                   1   N/I      0x164      0x164   .absSeg158
.abs_section_165                   1   N/I      0x165      0x165   .absSeg159
.abs_section_166                   1   N/I      0x166      0x166   .absSeg160
.abs_section_167                   1   N/I      0x167      0x167   .absSeg161
.abs_section_168                   1   N/I      0x168      0x168   .absSeg162
.abs_section_169                   1   N/I      0x169      0x169   .absSeg163
.abs_section_16a                   1   N/I      0x16A      0x16A   .absSeg164
.abs_section_16b                   1   N/I      0x16B      0x16B   .absSeg165
.abs_section_16c                   1   N/I      0x16C      0x16C   .absSeg166
.abs_section_170                   1   N/I      0x170      0x170   .absSeg167
.abs_section_171                   1   N/I      0x171      0x171   .absSeg168
.abs_section_172                   1   N/I      0x172      0x172   .absSeg169
.abs_section_173                   1   N/I      0x173      0x173   .absSeg170
.abs_section_174                   1   N/I      0x174      0x174   .absSeg171
.abs_section_175                   1   N/I      0x175      0x175   .absSeg172
.abs_section_176                   1   N/I      0x176      0x176   .absSeg173
.abs_section_177                   1   N/I      0x177      0x177   .absSeg174
.abs_section_178                   1   N/I      0x178      0x178   .absSeg175
.abs_section_179                   1   N/I      0x179      0x179   .absSeg176
.abs_section_17a                   1   N/I      0x17A      0x17A   .absSeg177
.abs_section_17b                   1   N/I      0x17B      0x17B   .absSeg178
.abs_section_17c                   1   N/I      0x17C      0x17C   .absSeg179
.abs_section_17d                   1   N/I      0x17D      0x17D   .absSeg180
.abs_section_200                   1   N/I      0x200      0x200   .absSeg181
.abs_section_201                   1   N/I      0x201      0x201   .absSeg182
.abs_section_202                   1   N/I      0x202      0x202   .absSeg183
.abs_section_203                   1   N/I      0x203      0x203   .absSeg184
.abs_section_204                   1   N/I      0x204      0x204   .absSeg185
.abs_section_205                   1   N/I      0x205      0x205   .absSeg186
.abs_section_206                   1   N/I      0x206      0x206   .absSeg187
.abs_section_207                   1   N/I      0x207      0x207   .absSeg188
.abs_section_208                   1   N/I      0x208      0x208   .absSeg189
.abs_section_209                   1   N/I      0x209      0x209   .absSeg190
.abs_section_20a                   1   N/I      0x20A      0x20A   .absSeg191
.abs_section_20c                   1   N/I      0x20C      0x20C   .absSeg192
.abs_section_20d                   1   N/I      0x20D      0x20D   .absSeg193
.abs_section_20e                   1   N/I      0x20E      0x20E   .absSeg194
.abs_section_20f                   1   N/I      0x20F      0x20F   .absSeg195
.abs_section_220                   1   N/I      0x220      0x220   .absSeg196
.abs_section_221                   1   N/I      0x221      0x221   .absSeg197
.abs_section_228                   1   N/I      0x228      0x228   .absSeg198
.abs_section_229                   1   N/I      0x229      0x229   .absSeg199
.abs_section_230                   1   N/I      0x230      0x230   .absSeg200
.abs_section_231                   1   N/I      0x231      0x231   .absSeg201
.abs_section_240                   1   N/I      0x240      0x240   .absSeg202
.abs_section_241                   1   N/I      0x241      0x241   .absSeg203
.abs_section_242                   1   N/I      0x242      0x242   .absSeg204
.abs_section_243                   1   N/I      0x243      0x243   .absSeg205
.abs_section_244                   1   N/I      0x244      0x244   .absSeg206
.abs_section_245                   1   N/I      0x245      0x245   .absSeg207
.abs_section_248                   1   N/I      0x248      0x248   .absSeg208
.abs_section_249                   1   N/I      0x249      0x249   .absSeg209
.abs_section_24a                   1   N/I      0x24A      0x24A   .absSeg210
.abs_section_24b                   1   N/I      0x24B      0x24B   .absSeg211
.abs_section_24c                   1   N/I      0x24C      0x24C   .absSeg212
.abs_section_24d                   1   N/I      0x24D      0x24D   .absSeg213
.abs_section_24e                   1   N/I      0x24E      0x24E   .absSeg214
.abs_section_250                   1   N/I      0x250      0x250   .absSeg215
.abs_section_251                   1   N/I      0x251      0x251   .absSeg216
.abs_section_252                   1   N/I      0x252      0x252   .absSeg217
.abs_section_253                   1   N/I      0x253      0x253   .absSeg218
.abs_section_254                   1   N/I      0x254      0x254   .absSeg219
.abs_section_255                   1   N/I      0x255      0x255   .absSeg220
.abs_section_256                   1   N/I      0x256      0x256   .absSeg221
.abs_section_258                   1   N/I      0x258      0x258   .absSeg222
.abs_section_259                   1   N/I      0x259      0x259   .absSeg223
.abs_section_25a                   1   N/I      0x25A      0x25A   .absSeg224
.abs_section_25b                   1   N/I      0x25B      0x25B   .absSeg225
.abs_section_25c                   1   N/I      0x25C      0x25C   .absSeg226
.abs_section_25d                   1   N/I      0x25D      0x25D   .absSeg227
.abs_section_260                   1   N/I      0x260      0x260   .absSeg228
.abs_section_261                   1   N/I      0x261      0x261   .absSeg229
.abs_section_262                   1   N/I      0x262      0x262   .absSeg230
.abs_section_263                   1   N/I      0x263      0x263   .absSeg231
.abs_section_264                   1   N/I      0x264      0x264   .absSeg232
.abs_section_265                   1   N/I      0x265      0x265   .absSeg233
.abs_section_268                   1   N/I      0x268      0x268   .absSeg234
.abs_section_269                   1   N/I      0x269      0x269   .absSeg235
.abs_section_26a                   1   N/I      0x26A      0x26A   .absSeg236
.abs_section_26b                   1   N/I      0x26B      0x26B   .absSeg237
.abs_section_26c                   1   N/I      0x26C      0x26C   .absSeg238
.abs_section_26d                   1   N/I      0x26D      0x26D   .absSeg239
.abs_section_2f0                   1   N/I      0x2F0      0x2F0   .absSeg240
.abs_section_2f1                   1   N/I      0x2F1      0x2F1   .absSeg241
.abs_section_2f2                   1   N/I      0x2F2      0x2F2   .absSeg242
.abs_section_2f3                   1   N/I      0x2F3      0x2F3   .absSeg243
.abs_section_2f7                   1   N/I      0x2F7      0x2F7   .absSeg244
.abs_section_300                   1   N/I      0x300      0x300   .absSeg245
.abs_section_301                   1   N/I      0x301      0x301   .absSeg246
.abs_section_303                   1   N/I      0x303      0x303   .absSeg247
.abs_section_304                   1   N/I      0x304      0x304   .absSeg248
.abs_section_340                   1   N/I      0x340      0x340   .absSeg249
.abs_section_341                   1   N/I      0x341      0x341   .absSeg250
.abs_section_342                   1   N/I      0x342      0x342   .absSeg251
.abs_section_343                   1   N/I      0x343      0x343   .absSeg252
.abs_section_344                   1   N/I      0x344      0x344   .absSeg253
.abs_section_345                   1   N/I      0x345      0x345   .absSeg254
.abs_section_346                   1   N/I      0x346      0x346   .absSeg255
.abs_section_347                   1   N/I      0x347      0x347   .absSeg256
.abs_section_368                   1   N/I      0x368      0x368   .absSeg257
.abs_section_369                   1   N/I      0x369      0x369   .absSeg258
.abs_section_36a                   1   N/I      0x36A      0x36A   .absSeg259
.abs_section_36b                   1   N/I      0x36B      0x36B   .absSeg260
.abs_section_36c                   1   N/I      0x36C      0x36C   .absSeg261
.abs_section_382                   1   N/I      0x382      0x382   .absSeg262
.abs_section_383                   1   N/I      0x383      0x383   .absSeg263
.abs_section_385                   1   N/I      0x385      0x385   .absSeg264
.abs_section_39d                   1   N/I      0x39D      0x39D   .absSeg265
.abs_section_0                     2   N/I        0x0        0x1   .absSeg266
.abs_section_2                     2   N/I        0x2        0x3   .absSeg267
.abs_section_4                     2   N/I        0x4        0x5   .absSeg268
.abs_section_6                     2   N/I        0x6        0x7   .absSeg269
.abs_section_1a                    2   N/I       0x1A       0x1B   .absSeg270
.abs_section_24                    2   N/I       0x24       0x25   .absSeg271
.abs_section_44                    2   N/I       0x44       0x45   .absSeg272
.abs_section_50                    2   N/I       0x50       0x51   .absSeg273
.abs_section_52                    2   N/I       0x52       0x53   .absSeg274
.abs_section_54                    2   N/I       0x54       0x55   .absSeg275
.abs_section_56                    2   N/I       0x56       0x57   .absSeg276
.abs_section_58                    2   N/I       0x58       0x59   .absSeg277
.abs_section_5a                    2   N/I       0x5A       0x5B   .absSeg278
.abs_section_5c                    2   N/I       0x5C       0x5D   .absSeg279
.abs_section_5e                    2   N/I       0x5E       0x5F   .absSeg280
.abs_section_62                    2   N/I       0x62       0x63   .absSeg281
.abs_section_64                    2   N/I       0x64       0x65   .absSeg282
.abs_section_72                    2   N/I       0x72       0x73   .absSeg283
.abs_section_74                    2   N/I       0x74       0x75   .absSeg284
.abs_section_76                    2   N/I       0x76       0x77   .absSeg285
.abs_section_78                    2   N/I       0x78       0x79   .absSeg286
.abs_section_7a                    2   N/I       0x7A       0x7B   .absSeg287
.abs_section_7c                    2   N/I       0x7C       0x7D   .absSeg288
.abs_section_7e                    2   N/I       0x7E       0x7F   .absSeg289
.abs_section_80                    2   N/I       0x80       0x81   .absSeg290
.abs_section_82                    2   N/I       0x82       0x83   .absSeg291
.abs_section_84                    2   N/I       0x84       0x85   .absSeg292
.abs_section_88                    2   N/I       0x88       0x89   .absSeg293
.abs_section_8a                    2   N/I       0x8A       0x8B   .absSeg294
.abs_section_8c                    2   N/I       0x8C       0x8D   .absSeg295
.abs_section_8e                    2   N/I       0x8E       0x8F   .absSeg296
.abs_section_90                    2   N/I       0x90       0x91   .absSeg297
.abs_section_92                    2   N/I       0x92       0x93   .absSeg298
.abs_section_94                    2   N/I       0x94       0x95   .absSeg299
.abs_section_96                    2   N/I       0x96       0x97   .absSeg300
.abs_section_98                    2   N/I       0x98       0x99   .absSeg301
.abs_section_9a                    2   N/I       0x9A       0x9B   .absSeg302
.abs_section_9c                    2   N/I       0x9C       0x9D   .absSeg303
.abs_section_9e                    2   N/I       0x9E       0x9F   .absSeg304
.abs_section_a0                    2   N/I       0xA0       0xA1   .absSeg305
.abs_section_a2                    2   N/I       0xA2       0xA3   .absSeg306
.abs_section_a4                    2   N/I       0xA4       0xA5   .absSeg307
.abs_section_a6                    2   N/I       0xA6       0xA7   .absSeg308
.abs_section_a8                    2   N/I       0xA8       0xA9   .absSeg309
.abs_section_aa                    2   N/I       0xAA       0xAB   .absSeg310
.abs_section_ac                    2   N/I       0xAC       0xAD   .absSeg311
.abs_section_ae                    2   N/I       0xAE       0xAF   .absSeg312
.abs_section_c8                    2   N/I       0xC8       0xC9   .absSeg313
.abs_section_d0                    2   N/I       0xD0       0xD1   .absSeg314
.abs_section_dc                    2   N/I       0xDC       0xDD   .absSeg315
.abs_section_f4                    2   N/I       0xF4       0xF5   .absSeg316
.abs_section_10a                   2   N/I      0x10A      0x10B   .absSeg317
.abs_section_10c                   2   N/I      0x10C      0x10D   .absSeg318
.abs_section_10e                   2   N/I      0x10E      0x10F   .absSeg319
.abs_section_16e                   2   N/I      0x16E      0x16F   .absSeg320
.abs_section_17e                   2   N/I      0x17E      0x17F   .absSeg321
.abs_section_210                   2   N/I      0x210      0x211   .absSeg322
.abs_section_212                   2   N/I      0x212      0x213   .absSeg323
.abs_section_214                   2   N/I      0x214      0x215   .absSeg324
.abs_section_216                   2   N/I      0x216      0x217   .absSeg325
.abs_section_218                   2   N/I      0x218      0x219   .absSeg326
.abs_section_21a                   2   N/I      0x21A      0x21B   .absSeg327
.abs_section_222                   2   N/I      0x222      0x223   .absSeg328
.abs_section_224                   2   N/I      0x224      0x225   .absSeg329
.abs_section_226                   2   N/I      0x226      0x227   .absSeg330
.abs_section_22a                   2   N/I      0x22A      0x22B   .absSeg331
.abs_section_22c                   2   N/I      0x22C      0x22D   .absSeg332
.abs_section_22e                   2   N/I      0x22E      0x22F   .absSeg333
.abs_section_232                   2   N/I      0x232      0x233   .absSeg334
.abs_section_234                   2   N/I      0x234      0x235   .absSeg335
.abs_section_236                   2   N/I      0x236      0x237   .absSeg336
.abs_section_270                   2   N/I      0x270      0x271   .absSeg337
.abs_section_272                   2   N/I      0x272      0x273   .absSeg338
.abs_section_274                   2   N/I      0x274      0x275   .absSeg339
.abs_section_276                   2   N/I      0x276      0x277   .absSeg340
.abs_section_2f4                   2   N/I      0x2F4      0x2F5   .absSeg341
.abs_section_348                   2   N/I      0x348      0x349   .absSeg342
.abs_section_34a                   2   N/I      0x34A      0x34B   .absSeg343
.abs_section_34c                   2   N/I      0x34C      0x34D   .absSeg344
.abs_section_34e                   2   N/I      0x34E      0x34F   .absSeg345
.abs_section_350                   2   N/I      0x350      0x351   .absSeg346
.abs_section_352                   2   N/I      0x352      0x353   .absSeg347
.abs_section_354                   2   N/I      0x354      0x355   .absSeg348
.abs_section_356                   2   N/I      0x356      0x357   .absSeg349
.abs_section_358                   2   N/I      0x358      0x359   .absSeg350
.abs_section_35a                   2   N/I      0x35A      0x35B   .absSeg351
.abs_section_35c                   2   N/I      0x35C      0x35D   .absSeg352
.abs_section_35e                   2   N/I      0x35E      0x35F   .absSeg353
.abs_section_360                   2   N/I      0x360      0x361   .absSeg354
.abs_section_362                   2   N/I      0x362      0x363   .absSeg355
.abs_section_364                   2   N/I      0x364      0x365   .absSeg356
.abs_section_366                   2   N/I      0x366      0x367   .absSeg357
.abs_section_380                   2   N/I      0x380      0x381   .absSeg358
.abs_section_386                   2   N/I      0x386      0x387   .absSeg359
.abs_section_388                   2   N/I      0x388      0x389   .absSeg360
.abs_section_38a                   2   N/I      0x38A      0x38B   .absSeg361
.abs_section_38c                   2   N/I      0x38C      0x38D   .absSeg362
.abs_section_38e                   2   N/I      0x38E      0x38F   .absSeg363
.abs_section_390                   2   N/I      0x390      0x391   .absSeg364
.abs_section_392                   2   N/I      0x392      0x393   .absSeg365
.abs_section_394                   2   N/I      0x394      0x395   .absSeg366
.abs_section_396                   2   N/I      0x396      0x397   .absSeg367
.abs_section_398                   2   N/I      0x398      0x399   .absSeg368
.abs_section_39a                   2   N/I      0x39A      0x39B   .absSeg369
.abs_section_39e                   2   N/I      0x39E      0x39F   .absSeg370
.abs_section_3a2                   2   N/I      0x3A2      0x3A3   .absSeg371
.abs_section_3a4                   2   N/I      0x3A4      0x3A5   .absSeg372
.abs_section_3a6                   2   N/I      0x3A6      0x3A7   .absSeg373
.abs_section_3a8                   2   N/I      0x3A8      0x3A9   .absSeg374
.abs_section_3aa                   2   N/I      0x3AA      0x3AB   .absSeg375
.abs_section_3ac                   2   N/I      0x3AC      0x3AD   .absSeg376
.abs_section_3ae                   2   N/I      0x3AE      0x3AF   .absSeg377
.abs_section_400                   2   N/I      0x400      0x401   .absSeg378
.abs_section_402                   2   N/I      0x402      0x403   .absSeg379
.abs_section_408                   2   N/I      0x408      0x409   .absSeg380
.abs_section_40a                   2   N/I      0x40A      0x40B   .absSeg381
.abs_section_40c                   2   N/I      0x40C      0x40D   .absSeg382
.abs_section_40e                   2   N/I      0x40E      0x40F   .absSeg383
.abs_section_414                   2   N/I      0x414      0x415   .absSeg384
.abs_section_416                   2   N/I      0x416      0x417   .absSeg385
.abs_section_418                   2   N/I      0x418      0x419   .absSeg386
.abs_section_41a                   2   N/I      0x41A      0x41B   .absSeg387
.abs_section_41c                   2   N/I      0x41C      0x41D   .absSeg388
.abs_section_41e                   2   N/I      0x41E      0x41F   .absSeg389
.abs_section_420                   2   N/I      0x420      0x421   .absSeg390
.abs_section_422                   2   N/I      0x422      0x423   .absSeg391
.abs_section_424                   2   N/I      0x424      0x425   .absSeg392
.abs_section_426                   2   N/I      0x426      0x427   .absSeg393
.abs_section_428                   2   N/I      0x428      0x429   .absSeg394
.abs_section_42a                   2   N/I      0x42A      0x42B   .absSeg395
.abs_section_42c                   2   N/I      0x42C      0x42D   .absSeg396
.abs_section_42e                   2   N/I      0x42E      0x42F   .absSeg397
.abs_section_430                   2   N/I      0x430      0x431   .absSeg398
.abs_section_432                   2   N/I      0x432      0x433   .absSeg399
.abs_section_434                   2   N/I      0x434      0x435   .absSeg400
.abs_section_436                   2   N/I      0x436      0x437   .absSeg401
.abs_section_438                   2   N/I      0x438      0x439   .absSeg402
.abs_section_43a                   2   N/I      0x43A      0x43B   .absSeg403
.abs_section_43c                   2   N/I      0x43C      0x43D   .absSeg404
.abs_section_43e                   2   N/I      0x43E      0x43F   .absSeg405
.abs_section_440                   2   N/I      0x440      0x441   .absSeg406
.abs_section_442                   2   N/I      0x442      0x443   .absSeg407
.abs_section_444                   2   N/I      0x444      0x445   .absSeg408
.abs_section_446                   2   N/I      0x446      0x447   .absSeg409
.abs_section_448                   2   N/I      0x448      0x449   .absSeg410
.abs_section_44a                   2   N/I      0x44A      0x44B   .absSeg411
.abs_section_44c                   2   N/I      0x44C      0x44D   .absSeg412
.abs_section_44e                   2   N/I      0x44E      0x44F   .absSeg413
.abs_section_450                   2   N/I      0x450      0x451   .absSeg414
.abs_section_452                   2   N/I      0x452      0x453   .absSeg415
.abs_section_454                   2   N/I      0x454      0x455   .absSeg416
.abs_section_456                   2   N/I      0x456      0x457   .absSeg417
.abs_section_458                   2   N/I      0x458      0x459   .absSeg418
.abs_section_45a                   2   N/I      0x45A      0x45B   .absSeg419
.abs_section_45c                   2   N/I      0x45C      0x45D   .absSeg420
.abs_section_45e                   2   N/I      0x45E      0x45F   .absSeg421
.abs_section_460                   2   N/I      0x460      0x461   .absSeg422
.abs_section_462                   2   N/I      0x462      0x463   .absSeg423
.abs_section_464                   2   N/I      0x464      0x465   .absSeg424
.abs_section_466                   2   N/I      0x466      0x467   .absSeg425
.abs_section_468                   2   N/I      0x468      0x469   .absSeg426
.abs_section_46a                   2   N/I      0x46A      0x46B   .absSeg427
.abs_section_46c                   2   N/I      0x46C      0x46D   .absSeg428
.abs_section_46e                   2   N/I      0x46E      0x46F   .absSeg429
.abs_section_470                   2   N/I      0x470      0x471   .absSeg430
.abs_section_472                   2   N/I      0x472      0x473   .absSeg431
.abs_section_474                   2   N/I      0x474      0x475   .absSeg432
.abs_section_476                   2   N/I      0x476      0x477   .absSeg433
.abs_section_478                   2   N/I      0x478      0x479   .absSeg434
.abs_section_47a                   2   N/I      0x47A      0x47B   .absSeg435
.abs_section_47c                   2   N/I      0x47C      0x47D   .absSeg436
.abs_section_47e                   2   N/I      0x47E      0x47F   .absSeg437
.abs_section_480                   2   N/I      0x480      0x481   .absSeg438
.abs_section_482                   2   N/I      0x482      0x483   .absSeg439
.abs_section_484                   2   N/I      0x484      0x485   .absSeg440
.abs_section_486                   2   N/I      0x486      0x487   .absSeg441
.abs_section_488                   2   N/I      0x488      0x489   .absSeg442
.abs_section_48a                   2   N/I      0x48A      0x48B   .absSeg443
.abs_section_48c                   2   N/I      0x48C      0x48D   .absSeg444
.abs_section_48e                   2   N/I      0x48E      0x48F   .absSeg445
.abs_section_490                   2   N/I      0x490      0x491   .absSeg446
.abs_section_492                   2   N/I      0x492      0x493   .absSeg447
.abs_section_494                   2   N/I      0x494      0x495   .absSeg448
.abs_section_496                   2   N/I      0x496      0x497   .absSeg449
.abs_section_498                   2   N/I      0x498      0x499   .absSeg450
.abs_section_49a                   2   N/I      0x49A      0x49B   .absSeg451
.abs_section_49c                   2   N/I      0x49C      0x49D   .absSeg452
.abs_section_49e                   2   N/I      0x49E      0x49F   .absSeg453
.abs_section_4a0                   2   N/I      0x4A0      0x4A1   .absSeg454
.abs_section_4a2                   2   N/I      0x4A2      0x4A3   .absSeg455
.abs_section_4a4                   2   N/I      0x4A4      0x4A5   .absSeg456
.abs_section_4a6                   2   N/I      0x4A6      0x4A7   .absSeg457
.abs_section_4a8                   2   N/I      0x4A8      0x4A9   .absSeg458
.abs_section_4aa                   2   N/I      0x4AA      0x4AB   .absSeg459
.abs_section_4ac                   2   N/I      0x4AC      0x4AD   .absSeg460
.abs_section_4ae                   2   N/I      0x4AE      0x4AF   .absSeg461
.abs_section_4b0                   2   N/I      0x4B0      0x4B1   .absSeg462
.abs_section_4b2                   2   N/I      0x4B2      0x4B3   .absSeg463
.abs_section_4b4                   2   N/I      0x4B4      0x4B5   .absSeg464
.abs_section_4b6                   2   N/I      0x4B6      0x4B7   .absSeg465
.abs_section_4b8                   2   N/I      0x4B8      0x4B9   .absSeg466
.abs_section_4ba                   2   N/I      0x4BA      0x4BB   .absSeg467
.abs_section_4bc                   2   N/I      0x4BC      0x4BD   .absSeg468
.abs_section_4be                   2   N/I      0x4BE      0x4BF   .absSeg469
.abs_section_4c0                   2   N/I      0x4C0      0x4C1   .absSeg470
.abs_section_4c2                   2   N/I      0x4C2      0x4C3   .absSeg471
.abs_section_4c4                   2   N/I      0x4C4      0x4C5   .absSeg472
.abs_section_4c6                   2   N/I      0x4C6      0x4C7   .absSeg473
.abs_section_4c8                   2   N/I      0x4C8      0x4C9   .absSeg474
.abs_section_4ca                   2   N/I      0x4CA      0x4CB   .absSeg475
.abs_section_4cc                   2   N/I      0x4CC      0x4CD   .absSeg476
.abs_section_4ce                   2   N/I      0x4CE      0x4CF   .absSeg477
.abs_section_4d0                   2   N/I      0x4D0      0x4D1   .absSeg478
.abs_section_4d2                   2   N/I      0x4D2      0x4D3   .absSeg479
.abs_section_4d4                   2   N/I      0x4D4      0x4D5   .absSeg480
.abs_section_4d6                   2   N/I      0x4D6      0x4D7   .absSeg481
.abs_section_4d8                   2   N/I      0x4D8      0x4D9   .absSeg482
.abs_section_4da                   2   N/I      0x4DA      0x4DB   .absSeg483
.abs_section_4dc                   2   N/I      0x4DC      0x4DD   .absSeg484
.abs_section_500                   2   N/I      0x500      0x501   .absSeg485
.abs_section_502                   2   N/I      0x502      0x503   .absSeg486
.abs_section_504                   2   N/I      0x504      0x505   .absSeg487
.abs_section_506                   2   N/I      0x506      0x507   .absSeg488
.abs_section_508                   2   N/I      0x508      0x509   .absSeg489
.abs_section_50a                   2   N/I      0x50A      0x50B   .absSeg490
.abs_section_50c                   2   N/I      0x50C      0x50D   .absSeg491
.abs_section_50e                   2   N/I      0x50E      0x50F   .absSeg492
.abs_section_510                   2   N/I      0x510      0x511   .absSeg493
.abs_section_512                   2   N/I      0x512      0x513   .absSeg494
.abs_section_514                   2   N/I      0x514      0x515   .absSeg495
.abs_section_516                   2   N/I      0x516      0x517   .absSeg496
.abs_section_518                   2   N/I      0x518      0x519   .absSeg497
.abs_section_51a                   2   N/I      0x51A      0x51B   .absSeg498
.abs_section_51c                   2   N/I      0x51C      0x51D   .absSeg499
.abs_section_51e                   2   N/I      0x51E      0x51F   .absSeg500
.abs_section_520                   2   N/I      0x520      0x521   .absSeg501
.abs_section_522                   2   N/I      0x522      0x523   .absSeg502
.abs_section_524                   2   N/I      0x524      0x525   .absSeg503
.abs_section_526                   2   N/I      0x526      0x527   .absSeg504
.abs_section_528                   2   N/I      0x528      0x529   .absSeg505
.abs_section_52a                   2   N/I      0x52A      0x52B   .absSeg506
.abs_section_52c                   2   N/I      0x52C      0x52D   .absSeg507
.abs_section_52e                   2   N/I      0x52E      0x52F   .absSeg508
.abs_section_530                   2   N/I      0x530      0x531   .absSeg509
.abs_section_532                   2   N/I      0x532      0x533   .absSeg510
.abs_section_534                   2   N/I      0x534      0x535   .absSeg511
.abs_section_536                   2   N/I      0x536      0x537   .absSeg512
.abs_section_538                   2   N/I      0x538      0x539   .absSeg513
.abs_section_53a                   2   N/I      0x53A      0x53B   .absSeg514
.abs_section_53c                   2   N/I      0x53C      0x53D   .absSeg515
.abs_section_53e                   2   N/I      0x53E      0x53F   .absSeg516
.abs_section_540                   2   N/I      0x540      0x541   .absSeg517
.abs_section_542                   2   N/I      0x542      0x543   .absSeg518
.abs_section_544                   2   N/I      0x544      0x545   .absSeg519
.abs_section_546                   2   N/I      0x546      0x547   .absSeg520
.abs_section_548                   2   N/I      0x548      0x549   .absSeg521
.abs_section_54a                   2   N/I      0x54A      0x54B   .absSeg522
.abs_section_54c                   2   N/I      0x54C      0x54D   .absSeg523
.abs_section_54e                   2   N/I      0x54E      0x54F   .absSeg524
.abs_section_550                   2   N/I      0x550      0x551   .absSeg525
.abs_section_552                   2   N/I      0x552      0x553   .absSeg526
.abs_section_554                   2   N/I      0x554      0x555   .absSeg527
.abs_section_556                   2   N/I      0x556      0x557   .absSeg528
.abs_section_558                   2   N/I      0x558      0x559   .absSeg529
.abs_section_55a                   2   N/I      0x55A      0x55B   .absSeg530
.abs_section_55c                   2   N/I      0x55C      0x55D   .absSeg531
.abs_section_55e                   2   N/I      0x55E      0x55F   .absSeg532
.abs_section_560                   2   N/I      0x560      0x561   .absSeg533
.abs_section_562                   2   N/I      0x562      0x563   .absSeg534
.abs_section_564                   2   N/I      0x564      0x565   .absSeg535
.abs_section_566                   2   N/I      0x566      0x567   .absSeg536
.abs_section_568                   2   N/I      0x568      0x569   .absSeg537
.abs_section_56a                   2   N/I      0x56A      0x56B   .absSeg538
.abs_section_56c                   2   N/I      0x56C      0x56D   .absSeg539
.abs_section_56e                   2   N/I      0x56E      0x56F   .absSeg540
.abs_section_570                   2   N/I      0x570      0x571   .absSeg541
.abs_section_572                   2   N/I      0x572      0x573   .absSeg542
.abs_section_574                   2   N/I      0x574      0x575   .absSeg543
.abs_section_576                   2   N/I      0x576      0x577   .absSeg544
.abs_section_578                   2   N/I      0x578      0x579   .absSeg545
.abs_section_57a                   2   N/I      0x57A      0x57B   .absSeg546
.abs_section_57c                   2   N/I      0x57C      0x57D   .absSeg547
.abs_section_57e                   2   N/I      0x57E      0x57F   .absSeg548
.abs_section_580                   2   N/I      0x580      0x581   .absSeg549
.abs_section_582                   2   N/I      0x582      0x583   .absSeg550
.abs_section_584                   2   N/I      0x584      0x585   .absSeg551
.abs_section_586                   2   N/I      0x586      0x587   .absSeg552
.abs_section_588                   2   N/I      0x588      0x589   .absSeg553
.abs_section_58a                   2   N/I      0x58A      0x58B   .absSeg554
.abs_section_58c                   2   N/I      0x58C      0x58D   .absSeg555
.abs_section_58e                   2   N/I      0x58E      0x58F   .absSeg556
.abs_section_590                   2   N/I      0x590      0x591   .absSeg557
.abs_section_592                   2   N/I      0x592      0x593   .absSeg558
.abs_section_594                   2   N/I      0x594      0x595   .absSeg559
.abs_section_596                   2   N/I      0x596      0x597   .absSeg560
.abs_section_598                   2   N/I      0x598      0x599   .absSeg561
.abs_section_59a                   2   N/I      0x59A      0x59B   .absSeg562
.abs_section_59c                   2   N/I      0x59C      0x59D   .absSeg563
.abs_section_59e                   2   N/I      0x59E      0x59F   .absSeg564
.abs_section_5a0                   2   N/I      0x5A0      0x5A1   .absSeg565
.abs_section_5a2                   2   N/I      0x5A2      0x5A3   .absSeg566
.abs_section_5a4                   2   N/I      0x5A4      0x5A5   .absSeg567
.abs_section_5a6                   2   N/I      0x5A6      0x5A7   .absSeg568
.abs_section_5a8                   2   N/I      0x5A8      0x5A9   .absSeg569
.abs_section_5aa                   2   N/I      0x5AA      0x5AB   .absSeg570
.abs_section_5ac                   2   N/I      0x5AC      0x5AD   .absSeg571
.abs_section_5ae                   2   N/I      0x5AE      0x5AF   .absSeg572
.abs_section_5b0                   2   N/I      0x5B0      0x5B1   .absSeg573
.abs_section_5b2                   2   N/I      0x5B2      0x5B3   .absSeg574
.abs_section_5b4                   2   N/I      0x5B4      0x5B5   .absSeg575
.abs_section_5b6                   2   N/I      0x5B6      0x5B7   .absSeg576
.abs_section_5b8                   2   N/I      0x5B8      0x5B9   .absSeg577
.abs_section_5ba                   2   N/I      0x5BA      0x5BB   .absSeg578
.abs_section_5bc                   2   N/I      0x5BC      0x5BD   .absSeg579
.abs_section_5be                   2   N/I      0x5BE      0x5BF   .absSeg580
.abs_section_5c0                   2   N/I      0x5C0      0x5C1   .absSeg581
.abs_section_5c2                   2   N/I      0x5C2      0x5C3   .absSeg582
.abs_section_5c4                   2   N/I      0x5C4      0x5C5   .absSeg583
.abs_section_5c6                   2   N/I      0x5C6      0x5C7   .absSeg584
.abs_section_5c8                   2   N/I      0x5C8      0x5C9   .absSeg585
.abs_section_5ca                   2   N/I      0x5CA      0x5CB   .absSeg586
.abs_section_5cc                   2   N/I      0x5CC      0x5CD   .absSeg587
.abs_section_5ce                   2   N/I      0x5CE      0x5CF   .absSeg588
.abs_section_5d0                   2   N/I      0x5D0      0x5D1   .absSeg589
.abs_section_5d2                   2   N/I      0x5D2      0x5D3   .absSeg590
.abs_section_5d4                   2   N/I      0x5D4      0x5D5   .absSeg591
.abs_section_5d6                   2   N/I      0x5D6      0x5D7   .absSeg592
.abs_section_5d8                   2   N/I      0x5D8      0x5D9   .absSeg593
.abs_section_5da                   2   N/I      0x5DA      0x5DB   .absSeg594
.abs_section_5dc                   2   N/I      0x5DC      0x5DD   .absSeg595
.abs_section_5de                   2   N/I      0x5DE      0x5DF   .absSeg596
.abs_section_5e0                   2   N/I      0x5E0      0x5E1   .absSeg597
.abs_section_5e2                   2   N/I      0x5E2      0x5E3   .absSeg598
.abs_section_5e4                   2   N/I      0x5E4      0x5E5   .absSeg599
.abs_section_5e6                   2   N/I      0x5E6      0x5E7   .absSeg600
.abs_section_5e8                   2   N/I      0x5E8      0x5E9   .absSeg601
.abs_section_5ea                   2   N/I      0x5EA      0x5EB   .absSeg602
.abs_section_5ec                   2   N/I      0x5EC      0x5ED   .absSeg603
.abs_section_5ee                   2   N/I      0x5EE      0x5EF   .absSeg604
.abs_section_5f0                   2   N/I      0x5F0      0x5F1   .absSeg605
.abs_section_5f2                   2   N/I      0x5F2      0x5F3   .absSeg606
.abs_section_5f4                   2   N/I      0x5F4      0x5F5   .absSeg607
.abs_section_5f6                   2   N/I      0x5F6      0x5F7   .absSeg608
.abs_section_5f8                   2   N/I      0x5F8      0x5F9   .absSeg609
.abs_section_5fa                   2   N/I      0x5FA      0x5FB   .absSeg610
.abs_section_5fc                   2   N/I      0x5FC      0x5FD   .absSeg611
.abs_section_5fe                   2   N/I      0x5FE      0x5FF   .absSeg612
.abs_section_404                   4   N/I      0x404      0x407   .absSeg613
.abs_section_ffd0                  2     R     0xFFD0     0xFFD1   .absSeg614
.abs_section_ff3c                  2     R     0xFF3C     0xFF3D   .absSeg615
.abs_section_fff6                  2     R     0xFFF6     0xFFF7   .absSeg616
.abs_section_fff0                  2     R     0xFFF0     0xFFF1   .absSeg617

Summary of section sizes per section type:
READ_ONLY (R):           8 (dec:        8)
NO_INIT (N/I):         3C4 (dec:      964)

*********************************************************************************************
VECTOR-ALLOCATION SECTION
    Address     InitValue   InitFunction
---------------------------------------------------------------------------------------------

*********************************************************************************************
OBJECT-ALLOCATION SECTION
     Name               Module                 Addr   hSize   dSize     Ref    Section   RLIB
---------------------------------------------------------------------------------------------

*********************************************************************************************
MODULE STATISTIC
  Name                                      Data   Code  Const
---------------------------------------------------------------------------------------------

*********************************************************************************************
SECTION USE IN OBJECT-ALLOCATION SECTION
---------------------------------------------------------------------------------------------

*********************************************************************************************
OBJECT LIST SORTED BY ADDRESS
     Name                                      Addr   hSize   dSize     Ref    Section   RLIB
---------------------------------------------------------------------------------------------

*********************************************************************************************
UNUSED-OBJECTS SECTION
---------------------------------------------------------------------------------------------

*********************************************************************************************
COPYDOWN SECTION
---------------------------------------------------------------------------------------------

*********************************************************************************************
OBJECT-DEPENDENCIES SECTION
---------------------------------------------------------------------------------------------

*********************************************************************************************
STATISTIC SECTION
---------------------------------------------------------------------------------------------

ExeFile:
--------
Number of blocks to be downloaded: 0
Total size of all blocks to be downloaded: 0

